
> qlozet-backend@0.0.1 build
> nest build && copyfiles src/modules/notifications/mail/templates/**/* dist/src/modules/notifications/mail/templates

node.exe : [96msrc/modules/cart/cart.service.ts[0m:[
93m90[0m:[93m28[0m - [91merror[0m[90m TS2339: 
[0mProperty 'REMOVE_FROM_CART' does not exist on type 
'typeof EventType'.
At line:1 char:1
+ & "C:\Program Files\nodejs/node.exe" "C:\Program 
Files\nodejs/node_mo ...
+ ~~~~~~~~~~~~~~~~~~~~~~~~~~~~~~~~~~~~~~~~~~~~~~~~~~~~~
~~~~~~~~~~~~~~~~
    + CategoryInfo          : NotSpecified: ([96msrc/ 
   module...eof EventType'.:String) [], RemoteExcepti  
  on
    + FullyQualifiedErrorId : NativeCommandError
 

[7m90[0m       eventType: EventType.REMOVE_FROM_CART,
[7m  [0m [91m                           
~~~~~~~~~~~~~~~~[0m
[96msrc/modules/orders/orders.price-calculation.ts[0m
:[93m92[0m:[93m44[0m - [91merror[0m[90m TS2345: 
[0mArgument of type 'FlattenMaps<ProductDocument> & 
Required<{ _id: ObjectId; }> & { __v: number; }' is 
not assignable to parameter of type 'ProductDocument'.
  Type 'FlattenMaps<ProductDocument> & Required<{ _id: 
ObjectId; }> & { __v: number; }' is not assignable to 
type 'Product'.
    The types of 'collection.conn.db' are incompatible 
between these types.
      Type 'FlattenMaps<Db> | undefined' is not 
assignable to type 'Db | undefined'.
        Type 'FlattenMaps<Db>' is not assignable to 
type 'Db'.
          Types of property 'client' are incompatible.
            Type 'FlattenMaps<MongoClient>' is missing 
the following properties from type 'MongoClient': 
driverInfoList, _close

[7m92[0m         discountValue = 
this.applyDiscount(product, discount);
[7m  [0m [91m                                       
    ~~~~~~~[0m
[96msrc/modules/orders/orders.price-calculation.ts[0m
:[93m105[0m:[93m11[0m - [91merror[0m[90m 
TS2352: [0mConversion of type 
'FlattenMaps<ProductDocument> & Required<{ _id: 
ObjectId; }> & { __v: number; }' to type 
'ProductDocument' may be a mistake because neither 
type sufficiently overlaps with the other. If this was 
intentional, convert the expression to 'unknown' first.
  Type 'FlattenMaps<ProductDocument> & Required<{ _id: 
ObjectId; }> & { __v: number; }' is not comparable to 
type 'Product'.
    The types of 'collection.db.client' are 
incompatible between these types.
      Type 'FlattenMaps<MongoClient>' is missing the 
following properties from type 'MongoClient': 
driverInfoList, _close

[7m105[0m           product as ProductDocument,
[7m   [0m [91m          
~~~~~~~~~~~~~~~~~~~~~~~~~~[0m
[96msrc/modules/orders/orders.price-calculation.ts[0m
:[93m112[0m:[93m11[0m - [91merror[0m[90m 
TS2352: [0mConversion of type 
'FlattenMaps<ProductDocument> & Required<{ _id: 
ObjectId; }> & { __v: number; }' to type 
'ProductDocument' may be a mistake because neither 
type sufficiently overlaps with the other. If this was 
intentional, convert the expression to 'unknown' first.
  Type 'FlattenMaps<ProductDocument> & Required<{ _id: 
ObjectId; }> & { __v: number; }' is not comparable to 
type 'Product'.
    The types of 'collection.db.client' are 
incompatible between these types.
      Type 'FlattenMaps<MongoClient>' is missing the 
following properties from type 'MongoClient': 
driverInfoList, _close

[7m112[0m           product as ProductDocument,
[7m   [0m [91m          
~~~~~~~~~~~~~~~~~~~~~~~~~~[0m
[96msrc/modules/orders/orders.price-calculation.ts[0m
:[93m119[0m:[93m11[0m - [91merror[0m[90m 
TS2352: [0mConversion of type 
'FlattenMaps<ProductDocument> & Required<{ _id: 
ObjectId; }> & { __v: number; }' to type 
'ProductDocument' may be a mistake because neither 
type sufficiently overlaps with the other. If this was 
intentional, convert the expression to 'unknown' first.
  Type 'FlattenMaps<ProductDocument> & Required<{ _id: 
ObjectId; }> & { __v: number; }' is not comparable to 
type 'Product'.
    The types of 'collection.db.client' are 
incompatible between these types.
      Type 'FlattenMaps<MongoClient>' is missing the 
following properties from type 'MongoClient': 
driverInfoList, _close

[7m119[0m           product as ProductDocument,
[7m   [0m [91m          
~~~~~~~~~~~~~~~~~~~~~~~~~~[0m
[96msrc/modules/products/collection.service.ts[0m:[9
3m64[0m:[93m5[0m - [91merror[0m[90m TS2322: 
[0mType 'FlattenMaps<Collection & Document<ObjectId, 
any, any, Record<string, any>, {}> & Required<{ _id: 
ObjectId; }> & { __v: number; }>' is not assignable to 
type 'CollectionDocument'.
  Type 'FlattenMaps<Collection & Document<ObjectId, 
any, any, Record<string, any>, {}> & Required<{ _id: 
ObjectId; }> & { __v: number; }>' is not assignable to 
type 'Document<ObjectId, any, any, Record<string, 
any>, {}>'.
    The types of 'collection.conn.db' are incompatible 
between these types.
      Type 'FlattenMaps<Db> | undefined' is not 
assignable to type 'Db | undefined'.
        Type 'FlattenMaps<Db>' is not assignable to 
type 'Db'.
          Types of property 'client' are incompatible.
            Type 'FlattenMaps<MongoClient>' is missing 
the following properties from type 'MongoClient': 
driverInfoList, _close

[7m64[0m     return savedCollection.toJSON();
[7m  [0m [91m    ~~~~~~[0m
[96msrc/modules/products/discount.service.ts[0m:[93m
114[0m:[93m5[0m - [91merror[0m[90m TS2322: 
[0mType 'FlattenMaps<Discount & Document<ObjectId, 
any, any, Record<string, any>, {}> & Required<{ _id: 
ObjectId; }> & { __v: number; }>' is not assignable to 
type 'DiscountDocument'.
  Type 'FlattenMaps<Discount & Document<ObjectId, any, 
any, Record<string, any>, {}> & Required<{ _id: 
ObjectId; }> & { __v: number; }>' is not assignable to 
type 'Document<ObjectId, any, any, Record<string, 
any>, {}>'.
    The types of 'collection.conn.db' are incompatible 
between these types.
      Type 'FlattenMaps<Db> | undefined' is not 
assignable to type 'Db | undefined'.
        Type 'FlattenMaps<Db>' is not assignable to 
type 'Db'.
          Types of property 'client' are incompatible.
            Type 'FlattenMaps<MongoClient>' is missing 
the following properties from type 'MongoClient': 
driverInfoList, _close

[7m114[0m     return savedDiscount.toJSON();
[7m   [0m [91m    ~~~~~~[0m
[96msrc/modules/products/products.service.ts[0m:[93m
88[0m:[93m11[0m - [91merror[0m[90m TS2322: 
[0mType 'FlattenMaps<Product & Document<ObjectId, 
any, any, Record<string, any>, {}> & Required<{ _id: 
ObjectId; }> & { __v: number; }>' is not assignable to 
type 'ProductDocument'.
  Type 'FlattenMaps<Product & Document<ObjectId, any, 
any, Record<string, any>, {}> & Required<{ _id: 
ObjectId; }> & { __v: number; }>' is not assignable to 
type 'Product'.
    The types of 'collection.conn.db' are incompatible 
between these types.
      Type 'FlattenMaps<Db> | undefined' is not 
assignable to type 'Db | undefined'.
        Type 'FlattenMaps<Db>' is not assignable to 
type 'Db'.
          Types of property 'client' are incompatible.
            Type 'FlattenMaps<MongoClient>' is missing 
the following properties from type 'MongoClient': 
driverInfoList, _close

[7m88[0m           data: existing.toJSON(),
[7m  [0m [91m          ~~~~[0m

  [96msrc/modules/products/products.service.ts[0m:[9
3m57[0m:[93m16[0m
    [7m57[0m   ): Promise<{ data: ProductDocument; 
message: string }> {
    [7m  [0m [96m               ~~~~[0m
    The expected type comes from property 'data' which 
is declared here on type '{ data: ProductDocument; 
message: string; }'
[96msrc/modules/products/products.service.ts[0m:[93m
103[0m:[93m7[0m - [91merror[0m[90m TS2322: 
[0mType 'FlattenMaps<Product & Document<ObjectId, 
any, any, Record<string, any>, {}> & Required<{ _id: 
ObjectId; }> & { __v: number; }>' is not assignable to 
type 'ProductDocument'.
  Type 'FlattenMaps<Product & Document<ObjectId, any, 
any, Record<string, any>, {}> & Required<{ _id: 
ObjectId; }> & { __v: number; }>' is not assignable to 
type 'Product'.
    The types of 'collection.conn.db' are incompatible 
between these types.
      Type 'FlattenMaps<Db> | undefined' is not 
assignable to type 'Db | undefined'.
        Type 'FlattenMaps<Db>' is not assignable to 
type 'Db'.
          Types of property 'client' are incompatible.
            Type 'FlattenMaps<MongoClient>' is missing 
the following properties from type 'MongoClient': 
driverInfoList, _close

[7m103[0m       data: created.toJSON(),
[7m   [0m [91m      ~~~~[0m

  [96msrc/modules/products/products.service.ts[0m:[9
3m57[0m:[93m16[0m
    [7m57[0m   ): Promise<{ data: ProductDocument; 
message: string }> {
    [7m  [0m [96m               ~~~~[0m
    The expected type comes from property 'data' which 
is declared here on type '{ data: ProductDocument; 
message: string; }'
[96msrc/modules/recommendations/integrity/integrity.mo
dule.ts[0m:[93m7[0m:[93m10[0m - 
[91merror[0m[90m TS2724: 
[0m'"../../products/products.module"' has no exported 
member named 'ProductsModule'. Did you mean 
'ProductModule'?

[7m7[0m import { ProductsModule } from 
'../../products/products.module';
[7m [0m [91m         ~~~~~~~~~~~~~~[0m

  [96msrc/modules/products/products.module.ts[0m:[93
m20[0m:[93m14[0m
    [7m20[0m export class ProductModule {}
    [7m  [0m [96m             ~~~~~~~~~~~~~[0m
    'ProductModule' is declared here.
[96msrc/modules/recommendations/recommendations.module
.ts[0m:[93m14[0m:[93m32[0m - [91merror[0m[90m 
TS2307: [0mCannot find module 
'../../business/business.module' or its corresponding 
type declarations.

[7m14[0m import { BusinessModule } from 
'../../business/business.module';
[7m  [0m [91m                               
~~~~~~~~~~~~~~~~~~~~~~~~~~~~~~~~[0m
[96msrc/modules/recommendations/recommendations.servic
e.ts[0m:[93m8[0m:[93m33[0m - [91merror[0m[90m 
TS2307: [0mCannot find module 
'../../business/business.service' or its corresponding 
type declarations.

[7m8[0m import { BusinessService } from 
'../../business/business.service';
[7m [0m [91m                                
~~~~~~~~~~~~~~~~~~~~~~~~~~~~~~~~~[0m
[96msrc/modules/recommendations/router/router.controll
er.ts[0m:[93m14[0m:[93m35[0m - 
[91merror[0m[90m TS2339: [0mProperty 'recommend' 
does not exist on type 'RouterService'.

[7m14[0m         return 
this.routerService.recommend(userId, context);
[7m  [0m [91m                                  
~~~~~~~~~[0m
[96msrc/modules/recommendations/router/router.service.
ts[0m:[93m56[0m:[93m39[0m - [91merror[0m[90m 
TS2345: [0mArgument of type 'string | null' is not 
assignable to parameter of type 'string'.
  Type 'null' is not assignable to type 'string'.

[7m56[0m             const result = 
JSON.parse(content);
[7m  [0m [91m                                      
~~~~~~~[0m
[96msrc/modules/ums/services/seed.service.ts[0m:[93m
775[0m:[93m29[0m - [91merror[0m[90m TS2352: 
[0mConversion of type '(ObjectId | undefined)[]' to 
type 'ObjectId[]' may be a mistake because neither 
type sufficiently overlaps with the other. If this was 
intentional, convert the expression to 'unknown' first.
  Type 'ObjectId | undefined' is not comparable to 
type 'ObjectId'.
    Type 'ObjectId' is missing the following 
properties from type 'ObjectId': schemaName, auto, 
$conditionalHandlers, OptionsConstructor, and 21 more.

[7m775[0m       const permissionIds = 
roleData.permission_names
[7m   [0m [91m                            
~~~~~~~~~~~~~~~~~~~~~~~~~[0m
[7m776[0m         .map((name) => 
permissions.get(name)?._id)
[7m   [0m [91m~~~~~~~~~~~~~~~~~~~~~~~~~~~~~~~~~~~~~~
~~~~~~~~~~~~[0m
[7m777[0m         .filter(Boolean) as 
Schema.Types.ObjectId[];
[7m   [0m [91m~~~~~~~~~~~~~~~~~~~~~~~~~~~~~~~~~~~~~~
~~~~~~~~~~~~~[0m

Found 15 error(s).

