node_modules/openai/client.d.ts(133,5): error TS18028: Private identifiers are only available when targeting ECMAScript 2015 and higher.
node_modules/openai/core/api-promise.d.ts(9,5): error TS18028: Private identifiers are only available when targeting ECMAScript 2015 and higher.
node_modules/openai/core/pagination.d.ts(7,5): error TS18028: Private identifiers are only available when targeting ECMAScript 2015 and higher.
node_modules/openai/core/streaming.d.ts(9,5): error TS18028: Private identifiers are only available when targeting ECMAScript 2015 and higher.
node_modules/openai/lib/AbstractChatCompletionRunner.d.ts(14,5): error TS18028: Private identifiers are only available when targeting ECMAScript 2015 and higher.
node_modules/openai/lib/AssistantStream.d.ts(36,5): error TS18028: Private identifiers are only available when targeting ECMAScript 2015 and higher.
node_modules/openai/lib/ChatCompletionStream.d.ts(68,5): error TS18028: Private identifiers are only available when targeting ECMAScript 2015 and higher.
node_modules/openai/lib/EventStream.d.ts(3,5): error TS18028: Private identifiers are only available when targeting ECMAScript 2015 and higher.
node_modules/openai/lib/responses/ResponseStream.d.ts(47,5): error TS18028: Private identifiers are only available when targeting ECMAScript 2015 and higher.
node_modules/openai/resources/webhooks.d.ts(4,5): error TS18028: Private identifiers are only available when targeting ECMAScript 2015 and higher.
src/modules/recommendations/catalog/catalog.service.ts(12,17): error TS1206: Decorators are not valid here.
src/modules/recommendations/catalog/dto/create-catalog-item.dto.ts(6,6): error TS1240: Unable to resolve signature of property decorator when called as an expression.
  Argument of type 'ClassFieldDecoratorContext<FitMetaDto, string> & { name: "targetDemographic"; private: false; static: false; }' is not assignable to parameter of type 'string | symbol'.
src/modules/recommendations/catalog/dto/create-catalog-item.dto.ts(7,6): error TS1240: Unable to resolve signature of property decorator when called as an expression.
  Argument of type 'ClassFieldDecoratorContext<FitMetaDto, string> & { name: "targetDemographic"; private: false; static: false; }' is not assignable to parameter of type 'string | symbol'.
src/modules/recommendations/catalog/dto/create-catalog-item.dto.ts(10,6): error TS1240: Unable to resolve signature of property decorator when called as an expression.
  Argument of type 'ClassFieldDecoratorContext<FitMetaDto, string> & { name: "fitType"; private: false; static: false; }' is not assignable to parameter of type 'string | symbol'.
src/modules/recommendations/catalog/dto/create-catalog-item.dto.ts(11,6): error TS1240: Unable to resolve signature of property decorator when called as an expression.
  Argument of type 'ClassFieldDecoratorContext<FitMetaDto, string> & { name: "fitType"; private: false; static: false; }' is not assignable to parameter of type 'string | symbol'.
src/modules/recommendations/catalog/dto/create-catalog-item.dto.ts(14,6): error TS1240: Unable to resolve signature of property decorator when called as an expression.
  Argument of type 'ClassFieldDecoratorContext<FitMetaDto, string[]> & { name: "measurementsPoints"; private: false; static: false; }' is not assignable to parameter of type 'string | symbol'.
src/modules/recommendations/catalog/dto/create-catalog-item.dto.ts(15,6): error TS1240: Unable to resolve signature of property decorator when called as an expression.
  Argument of type 'ClassFieldDecoratorContext<FitMetaDto, string[]> & { name: "measurementsPoints"; private: false; static: false; }' is not assignable to parameter of type 'string | symbol'.
src/modules/recommendations/catalog/dto/create-catalog-item.dto.ts(16,6): error TS1240: Unable to resolve signature of property decorator when called as an expression.
  Argument of type 'ClassFieldDecoratorContext<FitMetaDto, string[]> & { name: "measurementsPoints"; private: false; static: false; }' is not assignable to parameter of type 'string | symbol'.
src/modules/recommendations/catalog/dto/create-catalog-item.dto.ts(21,6): error TS1240: Unable to resolve signature of property decorator when called as an expression.
  Argument of type 'ClassFieldDecoratorContext<CreateCatalogItemDto, string> & { name: "itemId"; private: false; static: false; }' is not assignable to parameter of type 'string | symbol'.
src/modules/recommendations/catalog/dto/create-catalog-item.dto.ts(22,6): error TS1240: Unable to resolve signature of property decorator when called as an expression.
  Argument of type 'ClassFieldDecoratorContext<CreateCatalogItemDto, string> & { name: "itemId"; private: false; static: false; }' is not assignable to parameter of type 'string | symbol'.
src/modules/recommendations/catalog/dto/create-catalog-item.dto.ts(25,6): error TS1240: Unable to resolve signature of property decorator when called as an expression.
  Argument of type 'ClassFieldDecoratorContext<CreateCatalogItemDto, CatalogItemType> & { name: "type"; private: false; static: false; }' is not assignable to parameter of type 'string | symbol'.
src/modules/recommendations/catalog/dto/create-catalog-item.dto.ts(26,6): error TS1240: Unable to resolve signature of property decorator when called as an expression.
  Argument of type 'ClassFieldDecoratorContext<CreateCatalogItemDto, CatalogItemType> & { name: "type"; private: false; static: false; }' is not assignable to parameter of type 'string | symbol'.
src/modules/recommendations/catalog/dto/create-catalog-item.dto.ts(29,6): error TS1240: Unable to resolve signature of property decorator when called as an expression.
  Argument of type 'ClassFieldDecoratorContext<CreateCatalogItemDto, string> & { name: "name"; private: false; static: false; }' is not assignable to parameter of type 'string | symbol'.
src/modules/recommendations/catalog/dto/create-catalog-item.dto.ts(30,6): error TS1240: Unable to resolve signature of property decorator when called as an expression.
  Argument of type 'ClassFieldDecoratorContext<CreateCatalogItemDto, string> & { name: "name"; private: false; static: false; }' is not assignable to parameter of type 'string | symbol'.
src/modules/recommendations/catalog/dto/create-catalog-item.dto.ts(33,6): error TS1240: Unable to resolve signature of property decorator when called as an expression.
  Argument of type 'ClassFieldDecoratorContext<CreateCatalogItemDto, string> & { name: "description"; private: false; static: false; }' is not assignable to parameter of type 'string | symbol'.
src/modules/recommendations/catalog/dto/create-catalog-item.dto.ts(34,6): error TS1240: Unable to resolve signature of property decorator when called as an expression.
  Argument of type 'ClassFieldDecoratorContext<CreateCatalogItemDto, string> & { name: "description"; private: false; static: false; }' is not assignable to parameter of type 'string | symbol'.
src/modules/recommendations/catalog/dto/create-catalog-item.dto.ts(37,6): error TS1240: Unable to resolve signature of property decorator when called as an expression.
  Argument of type 'ClassFieldDecoratorContext<CreateCatalogItemDto, string[]> & { name: "tags"; private: false; static: false; }' is not assignable to parameter of type 'string | symbol'.
src/modules/recommendations/catalog/dto/create-catalog-item.dto.ts(38,6): error TS1240: Unable to resolve signature of property decorator when called as an expression.
  Argument of type 'ClassFieldDecoratorContext<CreateCatalogItemDto, string[]> & { name: "tags"; private: false; static: false; }' is not assignable to parameter of type 'string | symbol'.
src/modules/recommendations/catalog/dto/create-catalog-item.dto.ts(39,6): error TS1240: Unable to resolve signature of property decorator when called as an expression.
  Argument of type 'ClassFieldDecoratorContext<CreateCatalogItemDto, string[]> & { name: "tags"; private: false; static: false; }' is not assignable to parameter of type 'string | symbol'.
src/modules/recommendations/catalog/dto/create-catalog-item.dto.ts(42,6): error TS1240: Unable to resolve signature of property decorator when called as an expression.
  Argument of type 'ClassFieldDecoratorContext<CreateCatalogItemDto, number> & { name: "price"; private: false; static: false; }' is not assignable to parameter of type 'string | symbol'.
src/modules/recommendations/catalog/dto/create-catalog-item.dto.ts(43,6): error TS1240: Unable to resolve signature of property decorator when called as an expression.
  Argument of type 'ClassFieldDecoratorContext<CreateCatalogItemDto, number> & { name: "price"; private: false; static: false; }' is not assignable to parameter of type 'string | symbol'.
src/modules/recommendations/catalog/dto/create-catalog-item.dto.ts(46,6): error TS1240: Unable to resolve signature of property decorator when called as an expression.
  Argument of type 'ClassFieldDecoratorContext<CreateCatalogItemDto, string> & { name: "currency"; private: false; static: false; }' is not assignable to parameter of type 'string | symbol'.
src/modules/recommendations/catalog/dto/create-catalog-item.dto.ts(47,6): error TS1240: Unable to resolve signature of property decorator when called as an expression.
  Argument of type 'ClassFieldDecoratorContext<CreateCatalogItemDto, string> & { name: "currency"; private: false; static: false; }' is not assignable to parameter of type 'string | symbol'.
src/modules/recommendations/catalog/dto/create-catalog-item.dto.ts(50,6): error TS1240: Unable to resolve signature of property decorator when called as an expression.
  Argument of type 'ClassFieldDecoratorContext<CreateCatalogItemDto, string> & { name: "vendor"; private: false; static: false; }' is not assignable to parameter of type 'string | symbol'.
src/modules/recommendations/catalog/dto/create-catalog-item.dto.ts(51,6): error TS1240: Unable to resolve signature of property decorator when called as an expression.
  Argument of type 'ClassFieldDecoratorContext<CreateCatalogItemDto, string> & { name: "vendor"; private: false; static: false; }' is not assignable to parameter of type 'string | symbol'.
src/modules/recommendations/catalog/dto/create-catalog-item.dto.ts(54,6): error TS1240: Unable to resolve signature of property decorator when called as an expression.
  Argument of type 'ClassFieldDecoratorContext<CreateCatalogItemDto, string> & { name: "vendorUrl"; private: false; static: false; }' is not assignable to parameter of type 'string | symbol'.
src/modules/recommendations/catalog/dto/create-catalog-item.dto.ts(55,6): error TS1240: Unable to resolve signature of property decorator when called as an expression.
  Argument of type 'ClassFieldDecoratorContext<CreateCatalogItemDto, string> & { name: "vendorUrl"; private: false; static: false; }' is not assignable to parameter of type 'string | symbol'.
src/modules/recommendations/catalog/dto/create-catalog-item.dto.ts(58,6): error TS1240: Unable to resolve signature of property decorator when called as an expression.
  Argument of type 'ClassFieldDecoratorContext<CreateCatalogItemDto, Record<string, any>> & { name: "rawVendorData"; private: false; static: false; }' is not assignable to parameter of type 'string | symbol'.
src/modules/recommendations/catalog/dto/create-catalog-item.dto.ts(59,6): error TS1240: Unable to resolve signature of property decorator when called as an expression.
  Argument of type 'ClassFieldDecoratorContext<CreateCatalogItemDto, Record<string, any>> & { name: "rawVendorData"; private: false; static: false; }' is not assignable to parameter of type 'string | symbol'.
src/modules/recommendations/catalog/dto/create-catalog-item.dto.ts(62,6): error TS1240: Unable to resolve signature of property decorator when called as an expression.
  Argument of type 'ClassFieldDecoratorContext<CreateCatalogItemDto, FitMetaDto> & { name: "fitMeta"; private: false; static: false; }' is not assignable to parameter of type 'string | symbol'.
src/modules/recommendations/catalog/dto/create-catalog-item.dto.ts(63,6): error TS1240: Unable to resolve signature of property decorator when called as an expression.
  Argument of type 'ClassFieldDecoratorContext<CreateCatalogItemDto, FitMetaDto> & { name: "fitMeta"; private: false; static: false; }' is not assignable to parameter of type 'string | symbol'.
src/modules/recommendations/catalog/dto/create-catalog-item.dto.ts(64,6): error TS1240: Unable to resolve signature of property decorator when called as an expression.
  Argument of type 'ClassFieldDecoratorContext<CreateCatalogItemDto, FitMetaDto> & { name: "fitMeta"; private: false; static: false; }' is not assignable to parameter of type 'string | symbol'.
src/modules/recommendations/catalog/dto/create-catalog-item.dto.ts(67,6): error TS1240: Unable to resolve signature of property decorator when called as an expression.
  Argument of type 'ClassFieldDecoratorContext<CreateCatalogItemDto, string> & { name: "fabricComposition"; private: false; static: false; }' is not assignable to parameter of type 'string | symbol'.
src/modules/recommendations/catalog/dto/create-catalog-item.dto.ts(68,6): error TS1240: Unable to resolve signature of property decorator when called as an expression.
  Argument of type 'ClassFieldDecoratorContext<CreateCatalogItemDto, string> & { name: "fabricComposition"; private: false; static: false; }' is not assignable to parameter of type 'string | symbol'.
src/modules/recommendations/catalog/dto/create-catalog-item.dto.ts(71,6): error TS1240: Unable to resolve signature of property decorator when called as an expression.
  Argument of type 'ClassFieldDecoratorContext<CreateCatalogItemDto, string> & { name: "material"; private: false; static: false; }' is not assignable to parameter of type 'string | symbol'.
src/modules/recommendations/catalog/dto/create-catalog-item.dto.ts(72,6): error TS1240: Unable to resolve signature of property decorator when called as an expression.
  Argument of type 'ClassFieldDecoratorContext<CreateCatalogItemDto, string> & { name: "material"; private: false; static: false; }' is not assignable to parameter of type 'string | symbol'.
src/modules/recommendations/catalog/dto/create-catalog-item.dto.ts(75,6): error TS1240: Unable to resolve signature of property decorator when called as an expression.
  Argument of type 'ClassFieldDecoratorContext<CreateCatalogItemDto, string> & { name: "templateUrl"; private: false; static: false; }' is not assignable to parameter of type 'string | symbol'.
src/modules/recommendations/catalog/dto/create-catalog-item.dto.ts(76,6): error TS1240: Unable to resolve signature of property decorator when called as an expression.
  Argument of type 'ClassFieldDecoratorContext<CreateCatalogItemDto, string> & { name: "templateUrl"; private: false; static: false; }' is not assignable to parameter of type 'string | symbol'.
src/modules/recommendations/catalog/schemas/catalog-item.schema.ts(9,6): error TS1240: Unable to resolve signature of property decorator when called as an expression.
  Argument of type 'ClassFieldDecoratorContext<FitMeta, string> & { name: "targetDemographic"; private: false; static: false; }' is not assignable to parameter of type 'string | symbol'.
src/modules/recommendations/catalog/schemas/catalog-item.schema.ts(12,6): error TS1240: Unable to resolve signature of property decorator when called as an expression.
  Argument of type 'ClassFieldDecoratorContext<FitMeta, string> & { name: "fitType"; private: false; static: false; }' is not assignable to parameter of type 'string | symbol'.
src/modules/recommendations/catalog/schemas/catalog-item.schema.ts(15,6): error TS1240: Unable to resolve signature of property decorator when called as an expression.
  Argument of type 'ClassFieldDecoratorContext<FitMeta, string[]> & { name: "measurementsPoints"; private: false; static: false; }' is not assignable to parameter of type 'string | symbol'.
src/modules/recommendations/catalog/schemas/catalog-item.schema.ts(21,6): error TS1240: Unable to resolve signature of property decorator when called as an expression.
  Argument of type 'ClassFieldDecoratorContext<Embeddings, number[]> & { name: "e_style"; private: false; static: false; }' is not assignable to parameter of type 'string | symbol'.
src/modules/recommendations/catalog/schemas/catalog-item.schema.ts(24,6): error TS1240: Unable to resolve signature of property decorator when called as an expression.
  Argument of type 'ClassFieldDecoratorContext<Embeddings, number[]> & { name: "e_fabric"; private: false; static: false; }' is not assignable to parameter of type 'string | symbol'.
src/modules/recommendations/catalog/schemas/catalog-item.schema.ts(30,6): error TS1240: Unable to resolve signature of property decorator when called as an expression.
  Argument of type 'ClassFieldDecoratorContext<EmbeddingMetadata, string> & { name: "model"; private: false; static: false; }' is not assignable to parameter of type 'string | symbol'.
src/modules/recommendations/catalog/schemas/catalog-item.schema.ts(33,6): error TS1240: Unable to resolve signature of property decorator when called as an expression.
  Argument of type 'ClassFieldDecoratorContext<EmbeddingMetadata, number> & { name: "dim"; private: false; static: false; }' is not assignable to parameter of type 'string | symbol'.
src/modules/recommendations/catalog/schemas/catalog-item.schema.ts(36,6): error TS1240: Unable to resolve signature of property decorator when called as an expression.
  Argument of type 'ClassFieldDecoratorContext<EmbeddingMetadata, string> & { name: "version"; private: false; static: false; }' is not assignable to parameter of type 'string | symbol'.
src/modules/recommendations/catalog/schemas/catalog-item.schema.ts(39,6): error TS1240: Unable to resolve signature of property decorator when called as an expression.
  Argument of type 'ClassFieldDecoratorContext<EmbeddingMetadata, Date> & { name: "embedded_at"; private: false; static: false; }' is not assignable to parameter of type 'string | symbol'.
src/modules/recommendations/catalog/schemas/catalog-item.schema.ts(45,6): error TS1240: Unable to resolve signature of property decorator when called as an expression.
  Argument of type 'ClassFieldDecoratorContext<CatalogItem, string> & { name: "itemId"; private: false; static: false; }' is not assignable to parameter of type 'string | symbol'.
src/modules/recommendations/catalog/schemas/catalog-item.schema.ts(48,6): error TS1240: Unable to resolve signature of property decorator when called as an expression.
  Argument of type 'ClassFieldDecoratorContext<CatalogItem, CatalogItemType> & { name: "type"; private: false; static: false; }' is not assignable to parameter of type 'string | symbol'.
src/modules/recommendations/catalog/schemas/catalog-item.schema.ts(51,6): error TS1240: Unable to resolve signature of property decorator when called as an expression.
  Argument of type 'ClassFieldDecoratorContext<CatalogItem, string> & { name: "name"; private: false; static: false; }' is not assignable to parameter of type 'string | symbol'.
src/modules/recommendations/catalog/schemas/catalog-item.schema.ts(54,6): error TS1240: Unable to resolve signature of property decorator when called as an expression.
  Argument of type 'ClassFieldDecoratorContext<CatalogItem, string> & { name: "description"; private: false; static: false; }' is not assignable to parameter of type 'string | symbol'.
src/modules/recommendations/catalog/schemas/catalog-item.schema.ts(57,6): error TS1240: Unable to resolve signature of property decorator when called as an expression.
  Argument of type 'ClassFieldDecoratorContext<CatalogItem, string[]> & { name: "tags"; private: false; static: false; }' is not assignable to parameter of type 'string | symbol'.
src/modules/recommendations/catalog/schemas/catalog-item.schema.ts(61,6): error TS1240: Unable to resolve signature of property decorator when called as an expression.
  Argument of type 'ClassFieldDecoratorContext<CatalogItem, number> & { name: "price"; private: false; static: false; }' is not assignable to parameter of type 'string | symbol'.
src/modules/recommendations/catalog/schemas/catalog-item.schema.ts(64,6): error TS1240: Unable to resolve signature of property decorator when called as an expression.
  Argument of type 'ClassFieldDecoratorContext<CatalogItem, string> & { name: "currency"; private: false; static: false; }' is not assignable to parameter of type 'string | symbol'.
src/modules/recommendations/catalog/schemas/catalog-item.schema.ts(68,6): error TS1240: Unable to resolve signature of property decorator when called as an expression.
  Argument of type 'ClassFieldDecoratorContext<CatalogItem, string> & { name: "vendor"; private: false; static: false; }' is not assignable to parameter of type 'string | symbol'.
src/modules/recommendations/catalog/schemas/catalog-item.schema.ts(71,6): error TS1240: Unable to resolve signature of property decorator when called as an expression.
  Argument of type 'ClassFieldDecoratorContext<CatalogItem, string> & { name: "vendorUrl"; private: false; static: false; }' is not assignable to parameter of type 'string | symbol'.
src/modules/recommendations/catalog/schemas/catalog-item.schema.ts(74,6): error TS1240: Unable to resolve signature of property decorator when called as an expression.
  Argument of type 'ClassFieldDecoratorContext<CatalogItem, Record<string, any>> & { name: "rawVendorData"; private: false; static: false; }' is not assignable to parameter of type 'string | symbol'.
src/modules/recommendations/catalog/schemas/catalog-item.schema.ts(78,6): error TS1240: Unable to resolve signature of property decorator when called as an expression.
  Argument of type 'ClassFieldDecoratorContext<CatalogItem, FitMeta> & { name: "fitMeta"; private: false; static: false; }' is not assignable to parameter of type 'string | symbol'.
src/modules/recommendations/catalog/schemas/catalog-item.schema.ts(81,6): error TS1240: Unable to resolve signature of property decorator when called as an expression.
  Argument of type 'ClassFieldDecoratorContext<CatalogItem, string> & { name: "fabricComposition"; private: false; static: false; }' is not assignable to parameter of type 'string | symbol'.
src/modules/recommendations/catalog/schemas/catalog-item.schema.ts(84,6): error TS1240: Unable to resolve signature of property decorator when called as an expression.
  Argument of type 'ClassFieldDecoratorContext<CatalogItem, string> & { name: "material"; private: false; static: false; }' is not assignable to parameter of type 'string | symbol'.
src/modules/recommendations/catalog/schemas/catalog-item.schema.ts(87,6): error TS1240: Unable to resolve signature of property decorator when called as an expression.
  Argument of type 'ClassFieldDecoratorContext<CatalogItem, string> & { name: "templateUrl"; private: false; static: false; }' is not assignable to parameter of type 'string | symbol'.
src/modules/recommendations/catalog/schemas/catalog-item.schema.ts(90,6): error TS1240: Unable to resolve signature of property decorator when called as an expression.
  Argument of type 'ClassFieldDecoratorContext<CatalogItem, Embeddings> & { name: "embeddings"; private: false; static: false; }' is not assignable to parameter of type 'string | symbol'.
src/modules/recommendations/catalog/schemas/catalog-item.schema.ts(93,6): error TS1240: Unable to resolve signature of property decorator when called as an expression.
  Argument of type 'ClassFieldDecoratorContext<CatalogItem, EmbeddingMetadata> & { name: "embeddingMetadata"; private: false; static: false; }' is not assignable to parameter of type 'string | symbol'.
src/modules/recommendations/events/dto/create-event.dto.ts(6,6): error TS1240: Unable to resolve signature of property decorator when called as an expression.
  Argument of type 'ClassFieldDecoratorContext<EventContextDto, string> & { name: "surface"; private: false; static: false; }' is not assignable to parameter of type 'string | symbol'.
src/modules/recommendations/events/dto/create-event.dto.ts(7,6): error TS1240: Unable to resolve signature of property decorator when called as an expression.
  Argument of type 'ClassFieldDecoratorContext<EventContextDto, string> & { name: "surface"; private: false; static: false; }' is not assignable to parameter of type 'string | symbol'.
src/modules/recommendations/events/dto/create-event.dto.ts(10,6): error TS1240: Unable to resolve signature of property decorator when called as an expression.
  Argument of type 'ClassFieldDecoratorContext<EventContextDto, string> & { name: "requestId"; private: false; static: false; }' is not assignable to parameter of type 'string | symbol'.
src/modules/recommendations/events/dto/create-event.dto.ts(11,6): error TS1240: Unable to resolve signature of property decorator when called as an expression.
  Argument of type 'ClassFieldDecoratorContext<EventContextDto, string> & { name: "requestId"; private: false; static: false; }' is not assignable to parameter of type 'string | symbol'.
src/modules/recommendations/events/dto/create-event.dto.ts(14,6): error TS1240: Unable to resolve signature of property decorator when called as an expression.
  Argument of type 'ClassFieldDecoratorContext<EventContextDto, number> & { name: "position"; private: false; static: false; }' is not assignable to parameter of type 'string | symbol'.
src/modules/recommendations/events/dto/create-event.dto.ts(15,6): error TS1240: Unable to resolve signature of property decorator when called as an expression.
  Argument of type 'ClassFieldDecoratorContext<EventContextDto, number> & { name: "position"; private: false; static: false; }' is not assignable to parameter of type 'string | symbol'.
src/modules/recommendations/events/dto/create-event.dto.ts(18,6): error TS1240: Unable to resolve signature of property decorator when called as an expression.
  Argument of type 'ClassFieldDecoratorContext<EventContextDto, string> & { name: "stream"; private: false; static: false; }' is not assignable to parameter of type 'string | symbol'.
src/modules/recommendations/events/dto/create-event.dto.ts(19,6): error TS1240: Unable to resolve signature of property decorator when called as an expression.
  Argument of type 'ClassFieldDecoratorContext<EventContextDto, string> & { name: "stream"; private: false; static: false; }' is not assignable to parameter of type 'string | symbol'.
src/modules/recommendations/events/dto/create-event.dto.ts(24,6): error TS1240: Unable to resolve signature of property decorator when called as an expression.
  Argument of type 'ClassFieldDecoratorContext<EventMetadataDto, string[]> & { name: "reasonCodes"; private: false; static: false; }' is not assignable to parameter of type 'string | symbol'.
src/modules/recommendations/events/dto/create-event.dto.ts(25,6): error TS1240: Unable to resolve signature of property decorator when called as an expression.
  Argument of type 'ClassFieldDecoratorContext<EventMetadataDto, string[]> & { name: "reasonCodes"; private: false; static: false; }' is not assignable to parameter of type 'string | symbol'.
src/modules/recommendations/events/dto/create-event.dto.ts(26,6): error TS1240: Unable to resolve signature of property decorator when called as an expression.
  Argument of type 'ClassFieldDecoratorContext<EventMetadataDto, string[]> & { name: "reasonCodes"; private: false; static: false; }' is not assignable to parameter of type 'string | symbol'.
src/modules/recommendations/events/dto/create-event.dto.ts(29,6): error TS1240: Unable to resolve signature of property decorator when called as an expression.
  Argument of type 'ClassFieldDecoratorContext<EventMetadataDto, string[]> & { name: "seenIds"; private: false; static: false; }' is not assignable to parameter of type 'string | symbol'.
src/modules/recommendations/events/dto/create-event.dto.ts(30,6): error TS1240: Unable to resolve signature of property decorator when called as an expression.
  Argument of type 'ClassFieldDecoratorContext<EventMetadataDto, string[]> & { name: "seenIds"; private: false; static: false; }' is not assignable to parameter of type 'string | symbol'.
src/modules/recommendations/events/dto/create-event.dto.ts(31,6): error TS1240: Unable to resolve signature of property decorator when called as an expression.
  Argument of type 'ClassFieldDecoratorContext<EventMetadataDto, string[]> & { name: "seenIds"; private: false; static: false; }' is not assignable to parameter of type 'string | symbol'.
src/modules/recommendations/events/dto/create-event.dto.ts(34,6): error TS1240: Unable to resolve signature of property decorator when called as an expression.
  Argument of type 'ClassFieldDecoratorContext<EventMetadataDto, string> & { name: "query"; private: false; static: false; }' is not assignable to parameter of type 'string | symbol'.
src/modules/recommendations/events/dto/create-event.dto.ts(35,6): error TS1240: Unable to resolve signature of property decorator when called as an expression.
  Argument of type 'ClassFieldDecoratorContext<EventMetadataDto, string> & { name: "query"; private: false; static: false; }' is not assignable to parameter of type 'string | symbol'.
src/modules/recommendations/events/dto/create-event.dto.ts(38,6): error TS1240: Unable to resolve signature of property decorator when called as an expression.
  Argument of type 'ClassFieldDecoratorContext<EventMetadataDto, Record<string, any>> & { name: "filters"; private: false; static: false; }' is not assignable to parameter of type 'string | symbol'.
src/modules/recommendations/events/dto/create-event.dto.ts(39,6): error TS1240: Unable to resolve signature of property decorator when called as an expression.
  Argument of type 'ClassFieldDecoratorContext<EventMetadataDto, Record<string, any>> & { name: "filters"; private: false; static: false; }' is not assignable to parameter of type 'string | symbol'.
src/modules/recommendations/events/dto/create-event.dto.ts(42,6): error TS1240: Unable to resolve signature of property decorator when called as an expression.
  Argument of type 'ClassFieldDecoratorContext<EventMetadataDto, number> & { name: "budgetMax"; private: false; static: false; }' is not assignable to parameter of type 'string | symbol'.
src/modules/recommendations/events/dto/create-event.dto.ts(43,6): error TS1240: Unable to resolve signature of property decorator when called as an expression.
  Argument of type 'ClassFieldDecoratorContext<EventMetadataDto, number> & { name: "budgetMax"; private: false; static: false; }' is not assignable to parameter of type 'string | symbol'.
src/modules/recommendations/events/dto/create-event.dto.ts(46,6): error TS1240: Unable to resolve signature of property decorator when called as an expression.
  Argument of type 'ClassFieldDecoratorContext<EventMetadataDto, number> & { name: "deadlineDays"; private: false; static: false; }' is not assignable to parameter of type 'string | symbol'.
src/modules/recommendations/events/dto/create-event.dto.ts(47,6): error TS1240: Unable to resolve signature of property decorator when called as an expression.
  Argument of type 'ClassFieldDecoratorContext<EventMetadataDto, number> & { name: "deadlineDays"; private: false; static: false; }' is not assignable to parameter of type 'string | symbol'.
src/modules/recommendations/events/dto/create-event.dto.ts(50,6): error TS1240: Unable to resolve signature of property decorator when called as an expression.
  Argument of type 'ClassFieldDecoratorContext<EventMetadataDto, number> & { name: "dwellMs"; private: false; static: false; }' is not assignable to parameter of type 'string | symbol'.
src/modules/recommendations/events/dto/create-event.dto.ts(51,6): error TS1240: Unable to resolve signature of property decorator when called as an expression.
  Argument of type 'ClassFieldDecoratorContext<EventMetadataDto, number> & { name: "dwellMs"; private: false; static: false; }' is not assignable to parameter of type 'string | symbol'.
src/modules/recommendations/events/dto/create-event.dto.ts(56,6): error TS1240: Unable to resolve signature of property decorator when called as an expression.
  Argument of type 'ClassFieldDecoratorContext<CreateEventDto, string> & { name: "userId"; private: false; static: false; }' is not assignable to parameter of type 'string | symbol'.
src/modules/recommendations/events/dto/create-event.dto.ts(57,6): error TS1240: Unable to resolve signature of property decorator when called as an expression.
  Argument of type 'ClassFieldDecoratorContext<CreateEventDto, string> & { name: "userId"; private: false; static: false; }' is not assignable to parameter of type 'string | symbol'.
src/modules/recommendations/events/dto/create-event.dto.ts(60,6): error TS1240: Unable to resolve signature of property decorator when called as an expression.
  Argument of type 'ClassFieldDecoratorContext<CreateEventDto, EventType> & { name: "eventType"; private: false; static: false; }' is not assignable to parameter of type 'string | symbol'.
src/modules/recommendations/events/dto/create-event.dto.ts(61,6): error TS1240: Unable to resolve signature of property decorator when called as an expression.
  Argument of type 'ClassFieldDecoratorContext<CreateEventDto, EventType> & { name: "eventType"; private: false; static: false; }' is not assignable to parameter of type 'string | symbol'.
src/modules/recommendations/events/dto/create-event.dto.ts(64,6): error TS1240: Unable to resolve signature of property decorator when called as an expression.
  Argument of type 'ClassFieldDecoratorContext<CreateEventDto, Record<string, any>> & { name: "properties"; private: false; static: false; }' is not assignable to parameter of type 'string | symbol'.
src/modules/recommendations/events/dto/create-event.dto.ts(65,6): error TS1240: Unable to resolve signature of property decorator when called as an expression.
  Argument of type 'ClassFieldDecoratorContext<CreateEventDto, Record<string, any>> & { name: "properties"; private: false; static: false; }' is not assignable to parameter of type 'string | symbol'.
src/modules/recommendations/events/dto/create-event.dto.ts(68,6): error TS1240: Unable to resolve signature of property decorator when called as an expression.
  Argument of type 'ClassFieldDecoratorContext<CreateEventDto, EventContextDto> & { name: "context"; private: false; static: false; }' is not assignable to parameter of type 'string | symbol'.
src/modules/recommendations/events/dto/create-event.dto.ts(69,6): error TS1240: Unable to resolve signature of property decorator when called as an expression.
  Argument of type 'ClassFieldDecoratorContext<CreateEventDto, EventContextDto> & { name: "context"; private: false; static: false; }' is not assignable to parameter of type 'string | symbol'.
src/modules/recommendations/events/dto/create-event.dto.ts(70,6): error TS1240: Unable to resolve signature of property decorator when called as an expression.
  Argument of type 'ClassFieldDecoratorContext<CreateEventDto, EventContextDto> & { name: "context"; private: false; static: false; }' is not assignable to parameter of type 'string | symbol'.
src/modules/recommendations/events/dto/create-event.dto.ts(71,6): error TS1240: Unable to resolve signature of property decorator when called as an expression.
  Argument of type 'ClassFieldDecoratorContext<CreateEventDto, EventContextDto> & { name: "context"; private: false; static: false; }' is not assignable to parameter of type 'string | symbol'.
src/modules/recommendations/events/dto/create-event.dto.ts(74,6): error TS1240: Unable to resolve signature of property decorator when called as an expression.
  Argument of type 'ClassFieldDecoratorContext<CreateEventDto, EventMetadataDto> & { name: "metadata"; private: false; static: false; }' is not assignable to parameter of type 'string | symbol'.
src/modules/recommendations/events/dto/create-event.dto.ts(75,6): error TS1240: Unable to resolve signature of property decorator when called as an expression.
  Argument of type 'ClassFieldDecoratorContext<CreateEventDto, EventMetadataDto> & { name: "metadata"; private: false; static: false; }' is not assignable to parameter of type 'string | symbol'.
src/modules/recommendations/events/dto/create-event.dto.ts(76,6): error TS1240: Unable to resolve signature of property decorator when called as an expression.
  Argument of type 'ClassFieldDecoratorContext<CreateEventDto, EventMetadataDto> & { name: "metadata"; private: false; static: false; }' is not assignable to parameter of type 'string | symbol'.
src/modules/recommendations/events/dto/create-event.dto.ts(77,6): error TS1240: Unable to resolve signature of property decorator when called as an expression.
  Argument of type 'ClassFieldDecoratorContext<CreateEventDto, EventMetadataDto> & { name: "metadata"; private: false; static: false; }' is not assignable to parameter of type 'string | symbol'.
src/modules/recommendations/events/dto/create-event.dto.ts(80,6): error TS1240: Unable to resolve signature of property decorator when called as an expression.
  Argument of type 'ClassFieldDecoratorContext<CreateEventDto, string> & { name: "timestamp"; private: false; static: false; }' is not assignable to parameter of type 'string | symbol'.
src/modules/recommendations/events/dto/create-event.dto.ts(81,6): error TS1240: Unable to resolve signature of property decorator when called as an expression.
  Argument of type 'ClassFieldDecoratorContext<CreateEventDto, string> & { name: "timestamp"; private: false; static: false; }' is not assignable to parameter of type 'string | symbol'.
src/modules/recommendations/events/events.service.ts(9,17): error TS1206: Decorators are not valid here.
src/modules/recommendations/events/schemas/event.schema.ts(9,6): error TS1240: Unable to resolve signature of property decorator when called as an expression.
  Argument of type 'ClassFieldDecoratorContext<Event, string> & { name: "userId"; private: false; static: false; }' is not assignable to parameter of type 'string | symbol'.
src/modules/recommendations/events/schemas/event.schema.ts(12,6): error TS1240: Unable to resolve signature of property decorator when called as an expression.
  Argument of type 'ClassFieldDecoratorContext<Event, EventType> & { name: "eventType"; private: false; static: false; }' is not assignable to parameter of type 'string | symbol'.
src/modules/recommendations/events/schemas/event.schema.ts(15,6): error TS1240: Unable to resolve signature of property decorator when called as an expression.
  Argument of type 'ClassFieldDecoratorContext<Event, { surface?: string; requestId?: string; position?: number; stream?: string; }> & { name: "context"; private: false; static: false; }' is not assignable to parameter of type 'string | symbol'.
src/modules/recommendations/events/schemas/event.schema.ts(23,6): error TS1240: Unable to resolve signature of property decorator when called as an expression.
  Argument of type 'ClassFieldDecoratorContext<Event, { [key: string]: any; reasonCodes?: string[]; seenIds?: string[]; query?: string; filters?: Record<string, any>; budgetMax?: number; deadlineDays?: number; dwellMs?: number; }> & { ...; }' is not assignable to parameter of type 'string | symbol'.
src/modules/recommendations/events/schemas/event.schema.ts(35,6): error TS1240: Unable to resolve signature of property decorator when called as an expression.
  Argument of type 'ClassFieldDecoratorContext<Event, Record<string, any>> & { name: "properties"; private: false; static: false; }' is not assignable to parameter of type 'string | symbol'.
src/modules/recommendations/events/schemas/event.schema.ts(38,6): error TS1240: Unable to resolve signature of property decorator when called as an expression.
  Argument of type 'ClassFieldDecoratorContext<Event, Date> & { name: "timestamp"; private: false; static: false; }' is not assignable to parameter of type 'string | symbol'.
src/modules/recommendations/filters/dto/filter-spec.dto.ts(4,6): error TS1240: Unable to resolve signature of property decorator when called as an expression.
  Argument of type 'ClassFieldDecoratorContext<FilterSpec, boolean> & { name: "inStockOnly"; private: false; static: false; }' is not assignable to parameter of type 'string | symbol'.
src/modules/recommendations/filters/dto/filter-spec.dto.ts(5,6): error TS1240: Unable to resolve signature of property decorator when called as an expression.
  Argument of type 'ClassFieldDecoratorContext<FilterSpec, boolean> & { name: "inStockOnly"; private: false; static: false; }' is not assignable to parameter of type 'string | symbol'.
src/modules/recommendations/filters/dto/filter-spec.dto.ts(8,6): error TS1240: Unable to resolve signature of property decorator when called as an expression.
  Argument of type 'ClassFieldDecoratorContext<FilterSpec, number> & { name: "maxPrice"; private: false; static: false; }' is not assignable to parameter of type 'string | symbol'.
src/modules/recommendations/filters/dto/filter-spec.dto.ts(9,6): error TS1240: Unable to resolve signature of property decorator when called as an expression.
  Argument of type 'ClassFieldDecoratorContext<FilterSpec, number> & { name: "maxPrice"; private: false; static: false; }' is not assignable to parameter of type 'string | symbol'.
src/modules/recommendations/filters/dto/filter-spec.dto.ts(12,6): error TS1240: Unable to resolve signature of property decorator when called as an expression.
  Argument of type 'ClassFieldDecoratorContext<FilterSpec, string> & { name: "deliveryRegion"; private: false; static: false; }' is not assignable to parameter of type 'string | symbol'.
src/modules/recommendations/filters/dto/filter-spec.dto.ts(13,6): error TS1240: Unable to resolve signature of property decorator when called as an expression.
  Argument of type 'ClassFieldDecoratorContext<FilterSpec, string> & { name: "deliveryRegion"; private: false; static: false; }' is not assignable to parameter of type 'string | symbol'.
src/modules/recommendations/filters/dto/filter-spec.dto.ts(16,6): error TS1240: Unable to resolve signature of property decorator when called as an expression.
  Argument of type 'ClassFieldDecoratorContext<FilterSpec, number> & { name: "deadlineDays"; private: false; static: false; }' is not assignable to parameter of type 'string | symbol'.
src/modules/recommendations/filters/dto/filter-spec.dto.ts(17,6): error TS1240: Unable to resolve signature of property decorator when called as an expression.
  Argument of type 'ClassFieldDecoratorContext<FilterSpec, number> & { name: "deadlineDays"; private: false; static: false; }' is not assignable to parameter of type 'string | symbol'.
src/modules/recommendations/filters/dto/filter-spec.dto.ts(20,6): error TS1240: Unable to resolve signature of property decorator when called as an expression.
  Argument of type 'ClassFieldDecoratorContext<FilterSpec, string[]> & { name: "blockedVendors"; private: false; static: false; }' is not assignable to parameter of type 'string | symbol'.
src/modules/recommendations/filters/dto/filter-spec.dto.ts(21,6): error TS1240: Unable to resolve signature of property decorator when called as an expression.
  Argument of type 'ClassFieldDecoratorContext<FilterSpec, string[]> & { name: "blockedVendors"; private: false; static: false; }' is not assignable to parameter of type 'string | symbol'.
src/modules/recommendations/filters/dto/filter-spec.dto.ts(22,6): error TS1240: Unable to resolve signature of property decorator when called as an expression.
  Argument of type 'ClassFieldDecoratorContext<FilterSpec, string[]> & { name: "blockedVendors"; private: false; static: false; }' is not assignable to parameter of type 'string | symbol'.
src/modules/recommendations/filters/dto/filter-spec.dto.ts(25,6): error TS1240: Unable to resolve signature of property decorator when called as an expression.
  Argument of type 'ClassFieldDecoratorContext<FilterSpec, string> & { name: "gender"; private: false; static: false; }' is not assignable to parameter of type 'string | symbol'.
src/modules/recommendations/filters/dto/filter-spec.dto.ts(26,6): error TS1240: Unable to resolve signature of property decorator when called as an expression.
  Argument of type 'ClassFieldDecoratorContext<FilterSpec, string> & { name: "gender"; private: false; static: false; }' is not assignable to parameter of type 'string | symbol'.
src/modules/recommendations/filters/dto/filter-spec.dto.ts(29,6): error TS1240: Unable to resolve signature of property decorator when called as an expression.
  Argument of type 'ClassFieldDecoratorContext<FilterSpec, string> & { name: "category"; private: false; static: false; }' is not assignable to parameter of type 'string | symbol'.
src/modules/recommendations/filters/dto/filter-spec.dto.ts(30,6): error TS1240: Unable to resolve signature of property decorator when called as an expression.
  Argument of type 'ClassFieldDecoratorContext<FilterSpec, string> & { name: "category"; private: false; static: false; }' is not assignable to parameter of type 'string | symbol'.
src/modules/recommendations/recommendations.service.ts(8,33): error TS2307: Cannot find module '../../business/business.service' or its corresponding type declarations.
src/modules/recommendations/recommendations.service.ts(55,31): error TS2802: Type 'Set<string>' can only be iterated through when using the '--downlevelIteration' flag or with a '--target' of 'es2015' or higher.
src/modules/recommendations/retrieval/vector-search.service.ts(10,17): error TS1206: Decorators are not valid here.
src/modules/recommendations/user-embeddings/schemas/user-embedding.schema.ts(8,6): error TS1240: Unable to resolve signature of property decorator when called as an expression.
  Argument of type 'ClassFieldDecoratorContext<UserEmbedding, string> & { name: "userId"; private: false; static: false; }' is not assignable to parameter of type 'string | symbol'.
src/modules/recommendations/user-embeddings/schemas/user-embedding.schema.ts(11,6): error TS1240: Unable to resolve signature of property decorator when called as an expression.
  Argument of type 'ClassFieldDecoratorContext<UserEmbedding, number[]> & { name: "u_style"; private: false; static: false; }' is not assignable to parameter of type 'string | symbol'.
src/modules/recommendations/user-embeddings/schemas/user-embedding.schema.ts(14,6): error TS1240: Unable to resolve signature of property decorator when called as an expression.
  Argument of type 'ClassFieldDecoratorContext<UserEmbedding, number[]> & { name: "u_fit"; private: false; static: false; }' is not assignable to parameter of type 'string | symbol'.
src/modules/recommendations/user-embeddings/schemas/user-embedding.schema.ts(17,6): error TS1240: Unable to resolve signature of property decorator when called as an expression.
  Argument of type 'ClassFieldDecoratorContext<UserEmbedding, { [key: string]: any; fit_preference?: string; }> & { name: "scalars"; private: false; static: false; }' is not assignable to parameter of type 'string | symbol'.
src/modules/recommendations/user-embeddings/schemas/user-embedding.schema.ts(23,6): error TS1240: Unable to resolve signature of property decorator when called as an expression.
  Argument of type 'ClassFieldDecoratorContext<UserEmbedding, Record<string, number>> & { name: "confidence_by_facet"; private: false; static: false; }' is not assignable to parameter of type 'string | symbol'.
src/modules/recommendations/user-embeddings/schemas/user-embedding.schema.ts(26,6): error TS1240: Unable to resolve signature of property decorator when called as an expression.
  Argument of type 'ClassFieldDecoratorContext<UserEmbedding, string> & { name: "version"; private: false; static: false; }' is not assignable to parameter of type 'string | symbol'.
src/modules/recommendations/user-embeddings/schemas/user-embedding.schema.ts(29,6): error TS1240: Unable to resolve signature of property decorator when called as an expression.
  Argument of type 'ClassFieldDecoratorContext<UserEmbedding, Date> & { name: "lastUpdated"; private: false; static: false; }' is not assignable to parameter of type 'string | symbol'.
src/modules/recommendations/user-embeddings/user-embeddings.service.ts(29,9): error TS1206: Decorators are not valid here.
src/modules/recommendations/user-embeddings/user-embeddings.service.ts(161,29): error TS2802: Type 'Set<any>' can only be iterated through when using the '--downlevelIteration' flag or with a '--target' of 'es2015' or higher.
src/modules/ums/dto/address.dto.ts(6,4): error TS1240: Unable to resolve signature of property decorator when called as an expression.
  Argument of type 'ClassFieldDecoratorContext<AddressDto, string> & { name: "full_name"; private: false; static: false; }' is not assignable to parameter of type 'string | symbol'.
src/modules/ums/dto/address.dto.ts(10,4): error TS1240: Unable to resolve signature of property decorator when called as an expression.
  Argument of type 'ClassFieldDecoratorContext<AddressDto, string> & { name: "full_name"; private: false; static: false; }' is not assignable to parameter of type 'string | symbol'.
src/modules/ums/dto/address.dto.ts(11,4): error TS1240: Unable to resolve signature of property decorator when called as an expression.
  Argument of type 'ClassFieldDecoratorContext<AddressDto, string> & { name: "full_name"; private: false; static: false; }' is not assignable to parameter of type 'string | symbol'.
src/modules/ums/dto/address.dto.ts(14,4): error TS1240: Unable to resolve signature of property decorator when called as an expression.
  Argument of type 'ClassFieldDecoratorContext<AddressDto, string> & { name: "phone_number"; private: false; static: false; }' is not assignable to parameter of type 'string | symbol'.
src/modules/ums/dto/address.dto.ts(18,4): error TS1240: Unable to resolve signature of property decorator when called as an expression.
  Argument of type 'ClassFieldDecoratorContext<AddressDto, string> & { name: "phone_number"; private: false; static: false; }' is not assignable to parameter of type 'string | symbol'.
src/modules/ums/dto/address.dto.ts(19,4): error TS1240: Unable to resolve signature of property decorator when called as an expression.
  Argument of type 'ClassFieldDecoratorContext<AddressDto, string> & { name: "phone_number"; private: false; static: false; }' is not assignable to parameter of type 'string | symbol'.
src/modules/ums/dto/address.dto.ts(22,4): error TS1240: Unable to resolve signature of property decorator when called as an expression.
  Argument of type 'ClassFieldDecoratorContext<AddressDto, string> & { name: "address"; private: false; static: false; }' is not assignable to parameter of type 'string | symbol'.
src/modules/ums/dto/address.dto.ts(26,4): error TS1240: Unable to resolve signature of property decorator when called as an expression.
  Argument of type 'ClassFieldDecoratorContext<AddressDto, string> & { name: "address"; private: false; static: false; }' is not assignable to parameter of type 'string | symbol'.
src/modules/ums/dto/address.dto.ts(27,4): error TS1240: Unable to resolve signature of property decorator when called as an expression.
  Argument of type 'ClassFieldDecoratorContext<AddressDto, string> & { name: "address"; private: false; static: false; }' is not assignable to parameter of type 'string | symbol'.
src/modules/ums/dto/address.dto.ts(30,4): error TS1240: Unable to resolve signature of property decorator when called as an expression.
  Argument of type 'ClassFieldDecoratorContext<AddressDto, string> & { name: "city"; private: false; static: false; }' is not assignable to parameter of type 'string | symbol'.
src/modules/ums/dto/address.dto.ts(34,4): error TS1240: Unable to resolve signature of property decorator when called as an expression.
  Argument of type 'ClassFieldDecoratorContext<AddressDto, string> & { name: "city"; private: false; static: false; }' is not assignable to parameter of type 'string | symbol'.
src/modules/ums/dto/address.dto.ts(35,4): error TS1240: Unable to resolve signature of property decorator when called as an expression.
  Argument of type 'ClassFieldDecoratorContext<AddressDto, string> & { name: "city"; private: false; static: false; }' is not assignable to parameter of type 'string | symbol'.
src/modules/ums/dto/address.dto.ts(38,4): error TS1240: Unable to resolve signature of property decorator when called as an expression.
  Argument of type 'ClassFieldDecoratorContext<AddressDto, string> & { name: "state"; private: false; static: false; }' is not assignable to parameter of type 'string | symbol'.
src/modules/ums/dto/address.dto.ts(42,4): error TS1240: Unable to resolve signature of property decorator when called as an expression.
  Argument of type 'ClassFieldDecoratorContext<AddressDto, string> & { name: "state"; private: false; static: false; }' is not assignable to parameter of type 'string | symbol'.
src/modules/ums/dto/address.dto.ts(43,4): error TS1240: Unable to resolve signature of property decorator when called as an expression.
  Argument of type 'ClassFieldDecoratorContext<AddressDto, string> & { name: "state"; private: false; static: false; }' is not assignable to parameter of type 'string | symbol'.
src/modules/ums/dto/address.dto.ts(46,4): error TS1240: Unable to resolve signature of property decorator when called as an expression.
  Argument of type 'ClassFieldDecoratorContext<AddressDto, string> & { name: "country"; private: false; static: false; }' is not assignable to parameter of type 'string | symbol'.
src/modules/ums/dto/address.dto.ts(50,4): error TS1240: Unable to resolve signature of property decorator when called as an expression.
  Argument of type 'ClassFieldDecoratorContext<AddressDto, string> & { name: "country"; private: false; static: false; }' is not assignable to parameter of type 'string | symbol'.
src/modules/ums/dto/address.dto.ts(51,4): error TS1240: Unable to resolve signature of property decorator when called as an expression.
  Argument of type 'ClassFieldDecoratorContext<AddressDto, string> & { name: "country"; private: false; static: false; }' is not assignable to parameter of type 'string | symbol'.
src/modules/ums/dto/address.dto.ts(54,4): error TS1240: Unable to resolve signature of property decorator when called as an expression.
  Argument of type 'ClassFieldDecoratorContext<AddressDto, string> & { name: "postal_code"; private: false; static: false; }' is not assignable to parameter of type 'string | symbol'.
src/modules/ums/dto/address.dto.ts(58,4): error TS1240: Unable to resolve signature of property decorator when called as an expression.
  Argument of type 'ClassFieldDecoratorContext<AddressDto, string> & { name: "postal_code"; private: false; static: false; }' is not assignable to parameter of type 'string | symbol'.
src/modules/ums/dto/address.dto.ts(59,4): error TS1240: Unable to resolve signature of property decorator when called as an expression.
  Argument of type 'ClassFieldDecoratorContext<AddressDto, string> & { name: "postal_code"; private: false; static: false; }' is not assignable to parameter of type 'string | symbol'.
src/modules/ums/dto/address.dto.ts(62,4): error TS1240: Unable to resolve signature of property decorator when called as an expression.
  Argument of type 'ClassFieldDecoratorContext<AddressDto, number> & { name: "latitude"; private: false; static: false; }' is not assignable to parameter of type 'string | symbol'.
src/modules/ums/dto/address.dto.ts(68,4): error TS1240: Unable to resolve signature of property decorator when called as an expression.
  Argument of type 'ClassFieldDecoratorContext<AddressDto, number> & { name: "longitude"; private: false; static: false; }' is not assignable to parameter of type 'string | symbol'.
src/modules/ums/dto/users.dto.ts(5,4): error TS1240: Unable to resolve signature of property decorator when called as an expression.
  Argument of type 'ClassFieldDecoratorContext<UpdateUserDto, string> & { name: "phone_number"; private: false; static: false; }' is not assignable to parameter of type 'string | symbol'.
src/modules/ums/dto/users.dto.ts(6,4): error TS1240: Unable to resolve signature of property decorator when called as an expression.
  Argument of type 'ClassFieldDecoratorContext<UpdateUserDto, string> & { name: "phone_number"; private: false; static: false; }' is not assignable to parameter of type 'string | symbol'.
src/modules/ums/dto/users.dto.ts(7,4): error TS1240: Unable to resolve signature of property decorator when called as an expression.
  Argument of type 'ClassFieldDecoratorContext<UpdateUserDto, string> & { name: "phone_number"; private: false; static: false; }' is not assignable to parameter of type 'string | symbol'.
src/modules/ums/dto/users.dto.ts(10,4): error TS1240: Unable to resolve signature of property decorator when called as an expression.
  Argument of type 'ClassFieldDecoratorContext<UpdateUserDto, Date> & { name: "dob"; private: false; static: false; }' is not assignable to parameter of type 'string | symbol'.
src/modules/ums/dto/users.dto.ts(11,4): error TS1240: Unable to resolve signature of property decorator when called as an expression.
  Argument of type 'ClassFieldDecoratorContext<UpdateUserDto, Date> & { name: "dob"; private: false; static: false; }' is not assignable to parameter of type 'string | symbol'.
src/modules/ums/dto/users.dto.ts(12,4): error TS1240: Unable to resolve signature of property decorator when called as an expression.
  Argument of type 'ClassFieldDecoratorContext<UpdateUserDto, Date> & { name: "dob"; private: false; static: false; }' is not assignable to parameter of type 'string | symbol'.
src/modules/ums/dto/users.dto.ts(15,4): error TS1240: Unable to resolve signature of property decorator when called as an expression.
  Argument of type 'ClassFieldDecoratorContext<UpdateUserDto, "female" | "male"> & { name: "gender"; private: false; static: false; }' is not assignable to parameter of type 'string | symbol'.
src/modules/ums/dto/users.dto.ts(16,4): error TS1240: Unable to resolve signature of property decorator when called as an expression.
  Argument of type 'ClassFieldDecoratorContext<UpdateUserDto, "female" | "male"> & { name: "gender"; private: false; static: false; }' is not assignable to parameter of type 'string | symbol'.
src/modules/ums/dto/users.dto.ts(17,4): error TS1240: Unable to resolve signature of property decorator when called as an expression.
  Argument of type 'ClassFieldDecoratorContext<UpdateUserDto, "female" | "male"> & { name: "gender"; private: false; static: false; }' is not assignable to parameter of type 'string | symbol'.
src/modules/ums/dto/users.dto.ts(20,4): error TS1240: Unable to resolve signature of property decorator when called as an expression.
  Argument of type 'ClassFieldDecoratorContext<UpdateUserDto, string> & { name: "profile_picture"; private: false; static: false; }' is not assignable to parameter of type 'string | symbol'.
src/modules/ums/dto/users.dto.ts(24,4): error TS1240: Unable to resolve signature of property decorator when called as an expression.
  Argument of type 'ClassFieldDecoratorContext<UpdateUserDto, string> & { name: "profile_picture"; private: false; static: false; }' is not assignable to parameter of type 'string | symbol'.
src/modules/ums/dto/users.dto.ts(25,4): error TS1240: Unable to resolve signature of property decorator when called as an expression.
  Argument of type 'ClassFieldDecoratorContext<UpdateUserDto, string> & { name: "profile_picture"; private: false; static: false; }' is not assignable to parameter of type 'string | symbol'.
src/modules/ums/dto/users.dto.ts(28,4): error TS1240: Unable to resolve signature of property decorator when called as an expression.
  Argument of type 'ClassFieldDecoratorContext<UpdateUserDto, string> & { name: "wears_preference"; private: false; static: false; }' is not assignable to parameter of type 'string | symbol'.
src/modules/ums/dto/users.dto.ts(29,4): error TS1240: Unable to resolve signature of property decorator when called as an expression.
  Argument of type 'ClassFieldDecoratorContext<UpdateUserDto, string> & { name: "wears_preference"; private: false; static: false; }' is not assignable to parameter of type 'string | symbol'.
src/modules/ums/dto/users.dto.ts(30,4): error TS1240: Unable to resolve signature of property decorator when called as an expression.
  Argument of type 'ClassFieldDecoratorContext<UpdateUserDto, string> & { name: "wears_preference"; private: false; static: false; }' is not assignable to parameter of type 'string | symbol'.
src/modules/ums/dto/users.dto.ts(33,4): error TS1240: Unable to resolve signature of property decorator when called as an expression.
  Argument of type 'ClassFieldDecoratorContext<UpdateUserDto, string[]> & { name: "aesthetic_preferences"; private: false; static: false; }' is not assignable to parameter of type 'string | symbol'.
src/modules/ums/dto/users.dto.ts(34,4): error TS1240: Unable to resolve signature of property decorator when called as an expression.
  Argument of type 'ClassFieldDecoratorContext<UpdateUserDto, string[]> & { name: "aesthetic_preferences"; private: false; static: false; }' is not assignable to parameter of type 'string | symbol'.
src/modules/ums/dto/users.dto.ts(35,4): error TS1240: Unable to resolve signature of property decorator when called as an expression.
  Argument of type 'ClassFieldDecoratorContext<UpdateUserDto, string[]> & { name: "aesthetic_preferences"; private: false; static: false; }' is not assignable to parameter of type 'string | symbol'.
src/modules/ums/dto/users.dto.ts(38,4): error TS1240: Unable to resolve signature of property decorator when called as an expression.
  Argument of type 'ClassFieldDecoratorContext<UpdateUserDto, string[]> & { name: "body_fit"; private: false; static: false; }' is not assignable to parameter of type 'string | symbol'.
src/modules/ums/dto/users.dto.ts(39,4): error TS1240: Unable to resolve signature of property decorator when called as an expression.
  Argument of type 'ClassFieldDecoratorContext<UpdateUserDto, string[]> & { name: "body_fit"; private: false; static: false; }' is not assignable to parameter of type 'string | symbol'.
src/modules/ums/dto/users.dto.ts(40,4): error TS1240: Unable to resolve signature of property decorator when called as an expression.
  Argument of type 'ClassFieldDecoratorContext<UpdateUserDto, string[]> & { name: "body_fit"; private: false; static: false; }' is not assignable to parameter of type 'string | symbol'.
src/modules/ums/schemas/address.schema.ts(10,4): error TS1240: Unable to resolve signature of property decorator when called as an expression.
  Argument of type 'ClassFieldDecoratorContext<Address, string> & { name: "full_name"; private: false; static: false; }' is not assignable to parameter of type 'string | symbol'.
src/modules/ums/schemas/address.schema.ts(13,4): error TS1240: Unable to resolve signature of property decorator when called as an expression.
  Argument of type 'ClassFieldDecoratorContext<Address, string> & { name: "phone_number"; private: false; static: false; }' is not assignable to parameter of type 'string | symbol'.
src/modules/ums/schemas/address.schema.ts(16,4): error TS1240: Unable to resolve signature of property decorator when called as an expression.
  Argument of type 'ClassFieldDecoratorContext<Address, string> & { name: "address"; private: false; static: false; }' is not assignable to parameter of type 'string | symbol'.
src/modules/ums/schemas/address.schema.ts(19,4): error TS1240: Unable to resolve signature of property decorator when called as an expression.
  Argument of type 'ClassFieldDecoratorContext<Address, string> & { name: "city"; private: false; static: false; }' is not assignable to parameter of type 'string | symbol'.
src/modules/ums/schemas/address.schema.ts(22,4): error TS1240: Unable to resolve signature of property decorator when called as an expression.
  Argument of type 'ClassFieldDecoratorContext<Address, string> & { name: "state"; private: false; static: false; }' is not assignable to parameter of type 'string | symbol'.
src/modules/ums/schemas/address.schema.ts(25,4): error TS1240: Unable to resolve signature of property decorator when called as an expression.
  Argument of type 'ClassFieldDecoratorContext<Address, string> & { name: "country"; private: false; static: false; }' is not assignable to parameter of type 'string | symbol'.
src/modules/ums/schemas/address.schema.ts(28,4): error TS1240: Unable to resolve signature of property decorator when called as an expression.
  Argument of type 'ClassFieldDecoratorContext<Address, string> & { name: "postal_code"; private: false; static: false; }' is not assignable to parameter of type 'string | symbol'.
src/modules/ums/schemas/address.schema.ts(31,4): error TS1240: Unable to resolve signature of property decorator when called as an expression.
  Argument of type 'ClassFieldDecoratorContext<Address, string> & { name: "address_code"; private: false; static: false; }' is not assignable to parameter of type 'string | symbol'.
src/modules/ums/schemas/address.schema.ts(34,4): error TS1240: Unable to resolve signature of property decorator when called as an expression.
  Argument of type 'ClassFieldDecoratorContext<Address, ObjectId> & { name: "customer"; private: false; static: false; }' is not assignable to parameter of type 'string | symbol'.
src/modules/ums/schemas/permission.schema.ts(20,4): error TS1240: Unable to resolve signature of property decorator when called as an expression.
  Argument of type 'ClassFieldDecoratorContext<Permission, string> & { name: "category"; private: false; static: false; }' is not assignable to parameter of type 'string | symbol'.
src/modules/ums/schemas/permission.schema.ts(23,4): error TS1240: Unable to resolve signature of property decorator when called as an expression.
  Argument of type 'ClassFieldDecoratorContext<Permission, string> & { name: "name"; private: false; static: false; }' is not assignable to parameter of type 'string | symbol'.
src/modules/ums/schemas/permission.schema.ts(26,4): error TS1240: Unable to resolve signature of property decorator when called as an expression.
  Argument of type 'ClassFieldDecoratorContext<Permission, string> & { name: "description"; private: false; static: false; }' is not assignable to parameter of type 'string | symbol'.
src/modules/ums/schemas/permission.schema.ts(29,4): error TS1240: Unable to resolve signature of property decorator when called as an expression.
  Argument of type 'ClassFieldDecoratorContext<Permission, string> & { name: "action"; private: false; static: false; }' is not assignable to parameter of type 'string | symbol'.
src/modules/ums/schemas/permission.schema.ts(32,4): error TS1240: Unable to resolve signature of property decorator when called as an expression.
  Argument of type 'ClassFieldDecoratorContext<Permission, string> & { name: "resource"; private: false; static: false; }' is not assignable to parameter of type 'string | symbol'.
src/modules/ums/schemas/permission.schema.ts(35,4): error TS1240: Unable to resolve signature of property decorator when called as an expression.
  Argument of type 'ClassFieldDecoratorContext<Permission, PermissionModule> & { name: "module"; private: false; static: false; }' is not assignable to parameter of type 'string | symbol'.
src/modules/ums/schemas/permission.schema.ts(41,4): error TS1240: Unable to resolve signature of property decorator when called as an expression.
  Argument of type 'ClassFieldDecoratorContext<Permission, boolean> & { name: "is_active"; private: false; static: false; }' is not assignable to parameter of type 'string | symbol'.
src/modules/ums/schemas/role.schema.ts(43,4): error TS1240: Unable to resolve signature of property decorator when called as an expression.
  Argument of type 'ClassFieldDecoratorContext<Role, string> & { name: "name"; private: false; static: false; }' is not assignable to parameter of type 'string | symbol'.
src/modules/ums/schemas/role.schema.ts(46,4): error TS1240: Unable to resolve signature of property decorator when called as an expression.
  Argument of type 'ClassFieldDecoratorContext<Role, string> & { name: "description"; private: false; static: false; }' is not assignable to parameter of type 'string | symbol'.
src/modules/ums/schemas/role.schema.ts(49,4): error TS1240: Unable to resolve signature of property decorator when called as an expression.
  Argument of type 'ClassFieldDecoratorContext<Role, RoleType> & { name: "type"; private: false; static: false; }' is not assignable to parameter of type 'string | symbol'.
src/modules/ums/schemas/role.schema.ts(56,4): error TS1240: Unable to resolve signature of property decorator when called as an expression.
  Argument of type 'ClassFieldDecoratorContext<Role, number> & { name: "level"; private: false; static: false; }' is not assignable to parameter of type 'string | symbol'.
src/modules/ums/schemas/role.schema.ts(59,4): error TS1240: Unable to resolve signature of property decorator when called as an expression.
  Argument of type 'ClassFieldDecoratorContext<Role, ObjectId[]> & { name: "permissions"; private: false; static: false; }' is not assignable to parameter of type 'string | symbol'.
src/modules/ums/schemas/role.schema.ts(65,4): error TS1240: Unable to resolve signature of property decorator when called as an expression.
  Argument of type 'ClassFieldDecoratorContext<Role, boolean> & { name: "is_default"; private: false; static: false; }' is not assignable to parameter of type 'string | symbol'.
src/modules/ums/schemas/role.schema.ts(68,4): error TS1240: Unable to resolve signature of property decorator when called as an expression.
  Argument of type 'ClassFieldDecoratorContext<Role, boolean> & { name: "is_system"; private: false; static: false; }' is not assignable to parameter of type 'string | symbol'.
src/modules/ums/schemas/role.schema.ts(71,4): error TS1240: Unable to resolve signature of property decorator when called as an expression.
  Argument of type 'ClassFieldDecoratorContext<Role, boolean> & { name: "is_active"; private: false; static: false; }' is not assignable to parameter of type 'string | symbol'.
src/modules/ums/schemas/role.schema.ts(74,4): error TS1240: Unable to resolve signature of property decorator when called as an expression.
  Argument of type 'ClassFieldDecoratorContext<Role, string[]> & { name: "allowed_user_types"; private: false; static: false; }' is not assignable to parameter of type 'string | symbol'.
src/modules/ums/schemas/user.schema.ts(14,4): error TS1240: Unable to resolve signature of property decorator when called as an expression.
  Argument of type 'ClassFieldDecoratorContext<User, string> & { name: "full_name"; private: false; static: false; }' is not assignable to parameter of type 'string | symbol'.
src/modules/ums/schemas/user.schema.ts(17,4): error TS1240: Unable to resolve signature of property decorator when called as an expression.
  Argument of type 'ClassFieldDecoratorContext<User, string> & { name: "email"; private: false; static: false; }' is not assignable to parameter of type 'string | symbol'.
src/modules/ums/schemas/user.schema.ts(20,4): error TS1240: Unable to resolve signature of property decorator when called as an expression.
  Argument of type 'ClassFieldDecoratorContext<User, string> & { name: "phone_number"; private: false; static: false; }' is not assignable to parameter of type 'string | symbol'.
src/modules/ums/schemas/user.schema.ts(23,4): error TS1240: Unable to resolve signature of property decorator when called as an expression.
  Argument of type 'ClassFieldDecoratorContext<User, string> & { name: "hashed_password"; private: false; static: false; }' is not assignable to parameter of type 'string | symbol'.
src/modules/ums/schemas/user.schema.ts(26,4): error TS1240: Unable to resolve signature of property decorator when called as an expression.
  Argument of type 'ClassFieldDecoratorContext<User, UserType> & { name: "type"; private: false; static: false; }' is not assignable to parameter of type 'string | symbol'.
src/modules/ums/schemas/user.schema.ts(29,4): error TS1240: Unable to resolve signature of property decorator when called as an expression.
  Argument of type 'ClassFieldDecoratorContext<User, Date> & { name: "dob"; private: false; static: false; }' is not assignable to parameter of type 'string | symbol'.
src/modules/ums/schemas/user.schema.ts(32,4): error TS1240: Unable to resolve signature of property decorator when called as an expression.
  Argument of type 'ClassFieldDecoratorContext<User, string> & { name: "gender"; private: false; static: false; }' is not assignable to parameter of type 'string | symbol'.
src/modules/ums/schemas/user.schema.ts(35,4): error TS1240: Unable to resolve signature of property decorator when called as an expression.
  Argument of type 'ClassFieldDecoratorContext<User, boolean> & { name: "email_verified"; private: false; static: false; }' is not assignable to parameter of type 'string | symbol'.
src/modules/ums/schemas/user.schema.ts(38,4): error TS1240: Unable to resolve signature of property decorator when called as an expression.
  Argument of type 'ClassFieldDecoratorContext<User, ObjectId> & { name: "role"; private: false; static: false; }' is not assignable to parameter of type 'string | symbol'.
src/modules/ums/schemas/user.schema.ts(44,4): error TS1240: Unable to resolve signature of property decorator when called as an expression.
  Argument of type 'ClassFieldDecoratorContext<User, string> & { name: "address"; private: false; static: false; }' is not assignable to parameter of type 'string | symbol'.
src/modules/ums/schemas/user.schema.ts(46,4): error TS1240: Unable to resolve signature of property decorator when called as an expression.
  Argument of type 'ClassFieldDecoratorContext<User, string> & { name: "username"; private: false; static: false; }' is not assignable to parameter of type 'string | symbol'.
src/modules/ums/schemas/user.schema.ts(48,4): error TS1240: Unable to resolve signature of property decorator when called as an expression.
  Argument of type 'ClassFieldDecoratorContext<User, string> & { name: "email_verification_token"; private: false; static: false; }' is not assignable to parameter of type 'string | symbol'.
src/modules/ums/schemas/user.schema.ts(51,4): error TS1240: Unable to resolve signature of property decorator when called as an expression.
  Argument of type 'ClassFieldDecoratorContext<User, Date> & { name: "email_verification_expires"; private: false; static: false; }' is not assignable to parameter of type 'string | symbol'.
src/modules/ums/schemas/user.schema.ts(54,4): error TS1240: Unable to resolve signature of property decorator when called as an expression.
  Argument of type 'ClassFieldDecoratorContext<User, { pin: string; expire_at: Date; }> & { name: "password_reset_code"; private: false; static: false; }' is not assignable to parameter of type 'string | symbol'.
src/modules/ums/schemas/user.schema.ts(63,4): error TS1240: Unable to resolve signature of property decorator when called as an expression.
  Argument of type 'ClassFieldDecoratorContext<User, string> & { name: "profile_picture"; private: false; static: false; }' is not assignable to parameter of type 'string | symbol'.
src/modules/ums/schemas/user.schema.ts(69,4): error TS1240: Unable to resolve signature of property decorator when called as an expression.
  Argument of type 'ClassFieldDecoratorContext<User, string> & { name: "status"; private: false; static: false; }' is not assignable to parameter of type 'string | symbol'.
src/modules/ums/schemas/user.schema.ts(76,4): error TS1240: Unable to resolve signature of property decorator when called as an expression.
  Argument of type 'ClassFieldDecoratorContext<User, boolean> & { name: "must_change_password"; private: false; static: false; }' is not assignable to parameter of type 'string | symbol'.
src/modules/ums/schemas/user.schema.ts(79,4): error TS1240: Unable to resolve signature of property decorator when called as an expression.
  Argument of type 'ClassFieldDecoratorContext<User, string> & { name: "refresh_token"; private: false; static: false; }' is not assignable to parameter of type 'string | symbol'.
src/modules/ums/schemas/user.schema.ts(82,4): error TS1240: Unable to resolve signature of property decorator when called as an expression.
  Argument of type 'ClassFieldDecoratorContext<User, ObjectId[]> & { name: "wishlist"; private: false; static: false; }' is not assignable to parameter of type 'string | symbol'.
src/modules/ums/schemas/user.schema.ts(85,4): error TS1240: Unable to resolve signature of property decorator when called as an expression.
  Argument of type 'ClassFieldDecoratorContext<User, string[]> & { name: "email_preferences"; private: false; static: false; }' is not assignable to parameter of type 'string | symbol'.
src/modules/ums/schemas/user.schema.ts(88,4): error TS1240: Unable to resolve signature of property decorator when called as an expression.
  Argument of type 'ClassFieldDecoratorContext<User, Date> & { name: "last_verification_email_sent"; private: false; static: false; }' is not assignable to parameter of type 'string | symbol'.
src/modules/ums/schemas/user.schema.ts(91,4): error TS1240: Unable to resolve signature of property decorator when called as an expression.
  Argument of type 'ClassFieldDecoratorContext<User, Date> & { name: "last_welcome_email_sent"; private: false; static: false; }' is not assignable to parameter of type 'string | symbol'.
src/modules/ums/schemas/user.schema.ts(94,4): error TS1240: Unable to resolve signature of property decorator when called as an expression.
  Argument of type 'ClassFieldDecoratorContext<User, number> & { name: "verification_email_attempts"; private: false; static: false; }' is not assignable to parameter of type 'string | symbol'.
src/modules/ums/schemas/user.schema.ts(97,4): error TS1240: Unable to resolve signature of property decorator when called as an expression.
  Argument of type 'ClassFieldDecoratorContext<User, Date> & { name: "email_verified_at"; private: false; static: false; }' is not assignable to parameter of type 'string | symbol'.
src/modules/ums/schemas/user.schema.ts(99,4): error TS1240: Unable to resolve signature of property decorator when called as an expression.
  Argument of type 'ClassFieldDecoratorContext<User, string> & { name: "wears_preference"; private: false; static: false; }' is not assignable to parameter of type 'string | symbol'.
src/modules/ums/schemas/user.schema.ts(102,4): error TS1240: Unable to resolve signature of property decorator when called as an expression.
  Argument of type 'ClassFieldDecoratorContext<User, string[]> & { name: "aesthetic_preferences"; private: false; static: false; }' is not assignable to parameter of type 'string | symbol'.
src/modules/ums/schemas/user.schema.ts(105,4): error TS1240: Unable to resolve signature of property decorator when called as an expression.
  Argument of type 'ClassFieldDecoratorContext<User, string[]> & { name: "body_fit"; private: false; static: false; }' is not assignable to parameter of type 'string | symbol'.
src/modules/ums/schemas/user.schema.ts(108,4): error TS1240: Unable to resolve signature of property decorator when called as an expression.
  Argument of type 'ClassFieldDecoratorContext<User, boolean> & { name: "is_email_preference_selected"; private: false; static: false; }' is not assignable to parameter of type 'string | symbol'.
src/modules/ums/schemas/user.schema.ts(110,4): error TS1240: Unable to resolve signature of property decorator when called as an expression.
  Argument of type 'ClassFieldDecoratorContext<User, { name: string; createdAt: Date; active: boolean; unit: "cm" | "inch"; measurements: Record<string, number>; }[]> & { ...; }' is not assignable to parameter of type 'string | symbol'.
src/modules/ums/schemas/user.schema.ts(134,4): error TS1240: Unable to resolve signature of property decorator when called as an expression.
  Argument of type 'ClassFieldDecoratorContext<User, ObjectId> & { name: "business"; private: false; static: false; }' is not assignable to parameter of type 'string | symbol'.
src/modules/ums/schemas/user.schema.ts(140,4): error TS1240: Unable to resolve signature of property decorator when called as an expression.
  Argument of type 'ClassFieldDecoratorContext<User, ObjectId[]> & { name: "following_businesses"; private: false; static: false; }' is not assignable to parameter of type 'string | symbol'.
src/modules/ums/services/users.service.ts(16,34): error TS2307: Cannot find module 'src/modules/logistics/logistics.service' or its corresponding type declarations.
src/modules/ums/services/users.service.ts(17,23): error TS2307: Cannot find module 'src/common/utils/pagination' or its corresponding type declarations.
src/modules/ums/services/users.service.ts(18,38): error TS2307: Cannot find module 'src/modules/measurement/dto/user-measurement.dto' or its corresponding type declarations.
src/modules/ums/services/users.service.ts(28,5): error TS1206: Decorators are not valid here.
src/modules/ums/services/users.service.ts(29,5): error TS1206: Decorators are not valid here.
